qsyn> ver 8

qsyn> qccr tests/092722/qc2ts/circuit/toffoli_dec.qasm -R

qsyn> qctsm
----------- ADD BOUNDARIES -----------
Add Qubit 0 output port: 1
Add Qubit 1 output port: 3
Add Qubit 2 output port: 5
---- TRAVERSE AND BUILD THE TENSOR ----
Gate 0 (h)
********* Pin Permutation *********
Qubit: 2: -> 5
Qubit: 1: -> 3
Qubit: 0: -> 1
***********************************
--------------------------------------
Gate 1 (cx)
********* Pin Permutation *********
Qubit: 2: -> 5
Qubit: 1: -> 4
Qubit: 0: -> 1
***********************************
--------------------------------------
Gate 2 (td)
********* Pin Permutation *********
Qubit: 2: -> 5
Qubit: 1: -> 4
Qubit: 0: -> 1
***********************************
--------------------------------------
Gate 3 (cx)
********* Pin Permutation *********
Qubit: 2: -> 5
Qubit: 1: -> 3
Qubit: 0: -> 4
***********************************
--------------------------------------
Gate 4 (t)
********* Pin Permutation *********
Qubit: 2: -> 5
Qubit: 1: -> 3
Qubit: 0: -> 4
***********************************
--------------------------------------
Gate 5 (cx)
********* Pin Permutation *********
Qubit: 2: -> 5
Qubit: 1: -> 4
Qubit: 0: -> 3
***********************************
--------------------------------------
Gate 7 (td)
********* Pin Permutation *********
Qubit: 2: -> 5
Qubit: 1: -> 4
Qubit: 0: -> 3
***********************************
--------------------------------------
Gate 6 (t)
********* Pin Permutation *********
Qubit: 2: -> 4
Qubit: 1: -> 5
Qubit: 0: -> 3
***********************************
--------------------------------------
Gate 8 (cx)
********* Pin Permutation *********
Qubit: 2: -> 5
Qubit: 1: -> 3
Qubit: 0: -> 4
***********************************
--------------------------------------
Gate 13 (t)
********* Pin Permutation *********
Qubit: 2: -> 5
Qubit: 1: -> 3
Qubit: 0: -> 4
***********************************
--------------------------------------
Gate 14 (h)
********* Pin Permutation *********
Qubit: 2: -> 5
Qubit: 1: -> 3
Qubit: 0: -> 4
***********************************
--------------------------------------
Gate 9 (cx)
********* Pin Permutation *********
Qubit: 2: -> 3
Qubit: 1: -> 5
Qubit: 0: -> 4
***********************************
--------------------------------------
Gate 11 (td)
********* Pin Permutation *********
Qubit: 2: -> 3
Qubit: 1: -> 5
Qubit: 0: -> 4
***********************************
--------------------------------------
Gate 10 (t)
********* Pin Permutation *********
Qubit: 2: -> 3
Qubit: 1: -> 4
Qubit: 0: -> 5
***********************************
--------------------------------------
Gate 12 (cx)
********* Pin Permutation *********
Qubit: 2: -> 3
Qubit: 1: -> 5
Qubit: 0: -> 4
***********************************
--------------------------------------
{{ 1.000000e+00-2.747662e-16i,  1.110223e-16+2.747662e-16i, 
   0.000000e+00+0.000000e+00i,  0.000000e+00+0.000000e+00i, 
   0.000000e+00+0.000000e+00i,  0.000000e+00+0.000000e+00i, 
   0.000000e+00+0.000000e+00i,  0.000000e+00+0.000000e+00i},
 { 1.110223e-16+2.747662e-16i,  1.000000e+00-2.747662e-16i, 
   0.000000e+00+0.000000e+00i,  0.000000e+00+0.000000e+00i, 
   0.000000e+00+0.000000e+00i,  0.000000e+00+0.000000e+00i, 
   0.000000e+00+0.000000e+00i,  0.000000e+00+0.000000e+00i},
 { 0.000000e+00+0.000000e+00i,  0.000000e+00+0.000000e+00i, 
   1.000000e+00-6.106227e-16i,  0.000000e+00+0.000000e+00i, 
   0.000000e+00+0.000000e+00i,  0.000000e+00+0.000000e+00i, 
   0.000000e+00+0.000000e+00i,  0.000000e+00+0.000000e+00i},
 { 0.000000e+00+0.000000e+00i,  0.000000e+00+0.000000e+00i, 
   0.000000e+00+0.000000e+00i,  1.000000e+00-6.106227e-16i, 
   0.000000e+00+0.000000e+00i,  0.000000e+00+0.000000e+00i, 
   0.000000e+00+0.000000e+00i,  0.000000e+00+0.000000e+00i},
 { 0.000000e+00+0.000000e+00i,  0.000000e+00+0.000000e+00i, 
   0.000000e+00+0.000000e+00i,  0.000000e+00+0.000000e+00i, 
   1.000000e+00-6.106227e-16i, -5.551115e-17+4.622232e-32i, 
   0.000000e+00+0.000000e+00i,  0.000000e+00+0.000000e+00i},
 { 0.000000e+00+0.000000e+00i,  0.000000e+00+0.000000e+00i, 
   0.000000e+00+0.000000e+00i,  0.000000e+00+0.000000e+00i, 
  -5.551115e-17+4.622232e-32i,  1.000000e+00-6.106227e-16i, 
   0.000000e+00+0.000000e+00i,  0.000000e+00+0.000000e+00i},
 { 0.000000e+00+0.000000e+00i,  0.000000e+00+0.000000e+00i, 
   0.000000e+00+0.000000e+00i,  0.000000e+00+0.000000e+00i, 
   0.000000e+00+0.000000e+00i,  0.000000e+00+0.000000e+00i, 
   3.925231e-17-1.177569e-16i,  1.000000e+00-3.885781e-16i},
 { 0.000000e+00+0.000000e+00i,  0.000000e+00+0.000000e+00i, 
   0.000000e+00+0.000000e+00i,  0.000000e+00+0.000000e+00i, 
   0.000000e+00+0.000000e+00i,  0.000000e+00+0.000000e+00i, 
   1.000000e+00-3.885781e-16i,  3.925231e-17-1.177569e-16i}}

qsyn> q -f

